<html>
<body>
<pre>
<h1>µVision Build Log</h1>
<h2>Tool Versions:</h2>
IDE-Version: µVision V5.17.0.0
Copyright (C) 2015 ARM Ltd and ARM Germany GmbH. All rights reserved.
License Information: dinh bui manh, DHBK, LIC=JL28G-VAUN7-NNUAF-6H4GR-IDFA6-4VKQR
 
Tool Versions:
Toolchain:       MDK-ARM Standard  Version: 5.29.0.0
Toolchain Path:  C:\Keil_v5\ARM\ARMCC\Bin
C Compiler:      Armcc.exe V5.06 update 6 (build 750)
Assembler:       Armasm.exe V5.06 update 6 (build 750)
Linker/Locator:  ArmLink.exe V5.06 update 6 (build 750)
Library Manager: ArmAr.exe V5.06 update 6 (build 750)
Hex Converter:   FromElf.exe V5.06 update 6 (build 750)
CPU DLL:         SARMCM3.DLL V5.29.0.0
Dialog DLL:      DCM.DLL V1.17.3.0
Target DLL:      STLink\ST-LINKIII-KEIL_SWO.dll V3.0.7.0
Dialog DLL:      TCM.DLL V1.36.5.0
 
<h2>Project:</h2>
C:\blink_14\blink_14\template.uvprojx
Project File Date:  03/04/2024

<h2>Output:</h2>
*** Using Compiler 'V5.06 update 6 (build 750)', folder: 'C:\Keil_v5\ARM\ARMCC\Bin'
Build target 'blink_14'
compiling main.c...
E:\ARM\STM32F4xx_DSP_StdPeriph_Lib_V1.9.0\Libraries\CMSIS\Device\ST\STM32F4xx\Include\stm32f4xx.h(11581): warning:  #47-D: incompatible redefinition of macro "DBGMCU_APB2_FZ_DBG_TIM1_STOP"  (declared at line 11574)
  #define  DBGMCU_APB2_FZ_DBG_TIM1_STOP        DBGMCU_APB1_FZ_DBG_TIM1_STOP    
E:\ARM\STM32F4xx_DSP_StdPeriph_Lib_V1.9.0\Libraries\CMSIS\Device\ST\STM32F4xx\Include\stm32f4xx.h(11582): warning:  #47-D: incompatible redefinition of macro "DBGMCU_APB2_FZ_DBG_TIM8_STOP"  (declared at line 11575)
  #define  DBGMCU_APB2_FZ_DBG_TIM8_STOP        DBGMCU_APB1_FZ_DBG_TIM8_STOP
E:\ARM\STM32F4xx_DSP_StdPeriph_Lib_V1.9.0\Libraries\CMSIS\Device\ST\STM32F4xx\Include\stm32f4xx.h(11583): warning:  #47-D: incompatible redefinition of macro "DBGMCU_APB2_FZ_DBG_TIM9_STOP"  (declared at line 11576)
  #define  DBGMCU_APB2_FZ_DBG_TIM9_STOP        DBGMCU_APB1_FZ_DBG_TIM9_STOP
E:\ARM\STM32F4xx_DSP_StdPeriph_Lib_V1.9.0\Libraries\CMSIS\Device\ST\STM32F4xx\Include\stm32f4xx.h(11584): warning:  #47-D: incompatible redefinition of macro "DBGMCU_APB2_FZ_DBG_TIM10_STOP"  (declared at line 11577)
  #define  DBGMCU_APB2_FZ_DBG_TIM10_STOP       DBGMCU_APB1_FZ_DBG_TIM10_STOP
E:\ARM\STM32F4xx_DSP_StdPeriph_Lib_V1.9.0\Libraries\CMSIS\Device\ST\STM32F4xx\Include\stm32f4xx.h(11585): warning:  #47-D: incompatible redefinition of macro "DBGMCU_APB2_FZ_DBG_TIM11_STOP"  (declared at line 11578)
  #define  DBGMCU_APB2_FZ_DBG_TIM11_STOP       DBGMCU_APB1_FZ_DBG_TIM11_STOP
.\fileTV\gpio.h(17): warning:  #1295-D: Deprecated declaration GPIO_Configuration - give arg types
  void GPIO_Configuration();
.\fileTV\TIMER.h(13): warning:  #1295-D: Deprecated declaration TIMER_Configuration - give arg types
  void TIMER_Configuration();
.\fileTV\lcd.h(14): warning:  #1295-D: Deprecated declaration init_lcd - give arg types
  void init_lcd();
.\fileTV\CAN.h(7): warning:  #1295-D: Deprecated declaration Config_CAN_GPIO - give arg types
  void Config_CAN_GPIO();
.\fileTV\CAN.h(8): warning:  #1295-D: Deprecated declaration Config_CAN1 - give arg types
  void Config_CAN1();
.\fileTV\CAN.h(9): warning:  #1295-D: Deprecated declaration Config_CAN2 - give arg types
  void Config_CAN2();
.\fileTV\CAN.h(10): warning:  #1295-D: Deprecated declaration NVIC_Config - give arg types
  void NVIC_Config();
.\fileTV\CAN.h(15): warning:  #1-D: last line of file ends without a newline
  #endif /* __GPIO_H */
.\fileTV\Encoder.h(5): warning:  #1-D: last line of file ends without a newline
  #endif
src\main.c(105): warning:  #223-D: function "Config_Encoder_GPIO" declared implicitly
  	Config_Encoder_GPIO();
src\main.c(140): warning:  #1-D: last line of file ends without a newline
  }
src\main.c: 16 warnings, 0 errors
linking...
Program Size: Code=1392 RO-data=424 RW-data=16 ZI-data=1632  
".\Objects\template.axf" - 0 Error(s), 16 Warning(s).

<h2>Collection of Component include folders:</h2>
  C:\blink_14\blink_14\RTE
  C:\Users\buidi\AppData\Local\Arm\Packs\Keil\STM32F4xx_DFP\2.17.0\Drivers\CMSIS\Device\ST\STM32F4xx\Include

<h2>Collection of Component Files used:</h2>
Build Time Elapsed:  00:00:01
</pre>
</body>
</html>
